../Core/Src/main.c:156:5:main	8	static
../Core/Src/main.c:213:6:SystemClock_Config	120	static
../Core/Src/main.c:270:13:MX_I2C1_Init	8	static
../Core/Src/main.c:318:13:MX_TIM2_Init	40	static
../Core/Src/main.c:363:13:MX_GPIO_Init	64	static
../Core/Src/main.c:497:7:MAX30102_Init	32	static
../Core/Src/main.c:531:7:MAX30102_ReadFIFO	40	static
../Core/Src/main.c:557:10:AssessSignalQuality	64	static
../Core/Src/main.c:617:7:ProcessSignals	16	static
../Core/Src/main.c:646:7:ApplyDCRemoval	32	static
../Core/Src/main.c:655:7:ApplyButterworthFilter	40	static
../Core/Src/main.c:672:8:CalculateHeartRateEnhanced	568	static
../Core/Src/main.c:768:8:CalculateSpO2Enhanced	40	static
../Core/Src/main.c:819:10:AddReadingAndCheckStability	48	static
../Core/Src/main.c:888:10:DetectFingerPresenceEnhanced	32	static
../Core/Src/main.c:926:7:ProcessVitalSigns	48	static
../Core/Src/main.c:982:7:HAL_TIM_PeriodElapsedCallback	16	static
../Core/Src/main.c:989:7:BlinkLED	16	static
../Core/Src/main.c:1008:6:Error_Handler	4	static,ignoring_inline_asm
