../Core/Src/main.c:156:5:main	2
../Core/Src/main.c:213:6:SystemClock_Config	4
../Core/Src/main.c:270:13:MX_I2C1_Init	4
../Core/Src/main.c:318:13:MX_TIM2_Init	4
../Core/Src/main.c:363:13:MX_GPIO_Init	1
../Core/Src/main.c:497:7:MAX30102_Init	1
../Core/Src/main.c:531:7:MAX30102_ReadFIFO	3
../Core/Src/main.c:557:10:AssessSignalQuality	21
../Core/Src/main.c:617:7:ProcessSignals	4
../Core/Src/main.c:646:7:ApplyDCRemoval	2
../Core/Src/main.c:655:7:ApplyButterworthFilter	3
../Core/Src/main.c:672:8:CalculateHeartRateEnhanced	28
../Core/Src/main.c:768:8:CalculateSpO2Enhanced	10
../Core/Src/main.c:819:10:AddReadingAndCheckStability	16
../Core/Src/main.c:888:10:DetectFingerPresenceEnhanced	9
../Core/Src/main.c:926:7:ProcessVitalSigns	12
../Core/Src/main.c:982:7:HAL_TIM_PeriodElapsedCallback	2
../Core/Src/main.c:989:7:BlinkLED	2
../Core/Src/main.c:1008:6:Error_Handler	1
