../Core/Src/main.c:74:5:__io_putchar	1
../Core/Src/main.c:86:5:main	1
../Core/Src/main.c:172:6:SystemClock_Config	3
../Core/Src/main.c:213:13:MX_USART1_UART_Init	5
../Core/Src/main.c:261:13:MX_USART2_UART_Init	5
../Core/Src/main.c:309:13:MX_GPIO_Init	1
../Core/Src/main.c:337:6:send_deftask	1
../Core/Src/main.c:342:6:send_task2	1
../Core/Src/main.c:347:6:send_task3	1
../Core/Src/main.c:352:6:Task3_init	1
../Core/Src/main.c:372:6:StartDefaultTask	1
../Core/Src/main.c:396:6:Task2_init	2
../Core/Src/main.c:444:6:HAL_TIM_PeriodElapsedCallback	2
../Core/Src/main.c:461:6:Error_Handler	1
