<html>
<body>
<pre>
<h1>µVision Build Log</h1>
<h2>Tool Versions:</h2>
IDE-Version: µVision V5.42.0.0
Copyright (C) 2025 ARM Ltd and ARM Germany GmbH. All rights reserved.
License Information: Yathi Ramachandran, Student, LIC=----
 
Tool Versions:
Toolchain:       MDK-Lite  Version: 5.42.0.0
Toolchain Path:  C:\Keil_v5\ARM\ARMCLANG\Bin
C Compiler:      ArmClang.exe V6.23
Assembler:       Armasm.exe V6.23
Linker/Locator:  ArmLink.exe V6.23
Library Manager: ArmAr.exe V6.23
Hex Converter:   FromElf.exe V6.23
CPU DLL:         SARMCM3.DLL V5.42.0.0
Dialog DLL:      DCM.DLL V1.17.5.0
Target DLL:      UL2CM3.DLL V1.164.14.0
Dialog DLL:      TCM.DLL V1.56.6.0
 
<h2>Project:</h2>
D:\git_repo\CDAC\ASSLEMBLY\Assignment_8\A8_P1.uvprojx
Project File Date:  03/31/2025

<h2>Output:</h2>
*** Using Compiler 'V6.23', folder: 'C:\Keil_v5\ARM\ARMCLANG\Bin'
Rebuild target 'Target_1'
assembling startup_stm32f407.s...
"A8_P1.s", line 55: Warning: A1581W: Added 2 bytes of padding at address 0x36
   55 00000038     AREA    SVCHANDLER, CODE, READONLY
"A8_P1.s", line 134: Warning: A1581W: Added 2 bytes of padding at address 0x76
  134 00000078     END
0 Errors, 2 Warnings
assembling A8_P1.s...
linking...
Program Size: Code=224 RO-data=428 RW-data=4 ZI-data=1028  
".\Objects\A8_P1.axf" - 0 Error(s), 0 Warning(s).

<h2>Software Packages used:</h2>

Package Vendor: Keil
                https://www.keil.com/pack/Keil.STM32F4xx_DFP.3.0.0.pack
                Keil::STM32F4xx_DFP@3.0.0
                STMicroelectronics STM32F4 Series Device Support

<h2>Collection of Component include folders:</h2>

<h2>Collection of Component Files used:</h2>
Build Time Elapsed:  00:00:00
</pre>
</body>
</html>
